// Jest Snapshot v1, https://goo.gl/fbAQLP

exports[`<ConfirmDialog /> snapshot 1`] = `
<WithStyles(ForwardRef(Dialog))
  onClose={[MockFunction]}
  open={true}
>
  <WithStyles(ForwardRef(DialogContent))>
    <WithStyles(ForwardRef(DialogContentText))>
      <WithStyles(ForwardRef(Typography))
        className="body-text"
        variant="h4"
      >
        test body
      </WithStyles(ForwardRef(Typography))>
    </WithStyles(ForwardRef(DialogContentText))>
  </WithStyles(ForwardRef(DialogContent))>
  <WithStyles(ForwardRef(DialogActions))>
    <WithStyles(ForwardRef(Button))
      className="cancel-btn"
      color="secondary"
      onClick={[MockFunction]}
      variant="contained"
    >
      No
    </WithStyles(ForwardRef(Button))>
    <WithStyles(ForwardRef(Button))
      className="apply-btn"
      color="primary"
      onClick={[MockFunction]}
      variant="contained"
    >
      Yes
    </WithStyles(ForwardRef(Button))>
  </WithStyles(ForwardRef(DialogActions))>
</WithStyles(ForwardRef(Dialog))>
`;
