// Jest Snapshot v1, https://goo.gl/fbAQLP

exports[`<TimePickerSet /> snapshot 1`] = `
<Fragment>
  <Styled(MuiBox)
    alignItems="center"
    display="flex"
    justifyContent="space-between"
    mb={3}
  >
    <Styled(MuiBox)
      width={75}
    >
      <WithStyles(ForwardRef(Typography))
        className="times"
      >
        first
      </WithStyles(ForwardRef(Typography))>
    </Styled(MuiBox)>
    <Styled(MuiBox)
      alignItems="center"
      display="flex"
    >
      <TimePicker
        defaultValue="09:00"
        error={false}
        label="start"
        name="workTimes[0].start"
      />
      <Styled(MuiBox)
        mx={2}
      >
        <WithStyles(ForwardRef(Typography))>
          ~
        </WithStyles(ForwardRef(Typography))>
      </Styled(MuiBox)>
      <TimePicker
        defaultValue="18:00"
        error={false}
        label="end"
        name="workTimes[0].end"
      />
    </Styled(MuiBox)>
    <WithStyles(ForwardRef(Button))
      className="delete-btn"
      color="secondary"
      disabled={true}
      onClick={[MockFunction]}
      variant="contained"
    >
      DELETE
    </WithStyles(ForwardRef(Button))>
  </Styled(MuiBox)>
  <ConfirmDialog
    body="Can I delete it?"
    callback={[MockFunction]}
    isOpen={true}
    setClose={[MockFunction]}
  />
</Fragment>
`;
